<?xml version="1.0" encoding="UTF-8"?>
<testsuites name="jest tests" tests="1" failures="0" time="5.974">
  <testsuite name="examples" errors="0" failures="0" skipped="1" timestamp="2019-06-09T04:33:38" time="1.362" tests="1">
    <testcase classname="examples writing" name="examples writing" time="0.001">
      <skipped/>
    </testcase>
  </testsuite>
</testsuites>